// Vitest Snapshot v1, https://vitest.dev/guide/snapshot.html

exports[`src/agent/runtime-kernel public exports snapshot > exposes the documented runtime-kernel namespaces 1`] = `
[
  "AnswerNode",
  "AuditEnvelopePersistenceError",
  "BaseTool",
  "CommonParameterTypes",
  "CompositeAuditPort",
  "ENGINE_ERROR_CODES",
  "ENGINE_STATE_SCHEMA_VERSION",
  "EventBusSubRunTracePublisher",
  "EventStoreAuditPort",
  "FileAuditPort",
  "GraphAgentExecutor",
  "GraphExecutor",
  "LLMPolicyEngine",
  "LlmCaller",
  "LlmNode",
  "MemoryCheckpointer",
  "MemoryEventStore",
  "ModelResolver",
  "ToolNode",
  "UserNode",
  "WaitUserNode",
  "audit",
  "childRunTrace",
  "childRuns",
  "computeToolIdempotencyKey",
  "consoleAudit",
  "createCompositeAudit",
  "createConsoleAudit",
  "createDefaultGraphExecutor",
  "createEventStoreAudit",
  "createFileAudit",
  "createGraphLoopHarness",
  "createMonotonicEventIdFactory",
  "defaultPolicyEngine",
  "emitAuditEnvelope",
  "emitSandboxDecisionAudit",
  "enrichment",
  "ensureToolContextRuntimeCapability",
  "events",
  "execution",
  "findCachedToolOutputByIdempotencyKey",
  "getToolContextRuntimeBinding",
  "graph",
  "llm",
  "noopAudit",
  "normalizeToolArgs",
  "readToolContextModelId",
  "readToolContextPersistedHistory",
  "readToolContextRunContext",
  "readToolContextUserQuery",
  "readToolContextWorkingHistory",
  "requestEnricherRegistry",
  "runContext",
  "runSupervisor",
  "stripRuntimeReservedToolContextPatch",
  "summarizeCheckpoint",
  "telemetry",
  "tools",
]
`;

exports[`src/agent/runtime-kernel public exports snapshot > snapshots the childRunTrace namespace 1`] = `
[
  "EventBusSubRunTracePublisher",
]
`;

exports[`src/agent/runtime-kernel public exports snapshot > snapshots the childRuns namespace 1`] = `
[
  "ChildRunInvoker",
  "pickChildRunSeedHistory",
]
`;

exports[`src/agent/runtime-kernel public exports snapshot > snapshots the enrichment namespace 1`] = `
[
  "requestEnricherRegistry",
]
`;

exports[`src/agent/runtime-kernel public exports snapshot > snapshots the events namespace 1`] = `
[
  "describeRuntimeEventLifecycle",
  "eventMapper",
  "getRuntimeEventUiProjectionKind",
  "isCheckpointHistorySummaryEvent",
  "isToolCallDecisionEvent",
  "shouldEmitRuntimeEventToSse",
  "shouldEnterAgentContext",
  "shouldPersistRuntimeEvent",
  "shouldReplayRuntimeEventToUi",
]
`;

exports[`src/agent/runtime-kernel public exports snapshot > snapshots the execution namespace 1`] = `
[
  "EventBus",
  "EventSequencer",
  "createRuntimeErrorEvent",
]
`;

exports[`src/agent/runtime-kernel public exports snapshot > snapshots the graph namespace 1`] = `
[
  "AnswerNode",
  "ENGINE_STATE_SCHEMA_VERSION",
  "GraphAgentExecutor",
  "GraphExecutor",
  "LlmNode",
  "MemoryCheckpointer",
  "MemoryEventStore",
  "ToolNode",
  "UserNode",
  "WaitUserNode",
  "createMonotonicEventIdFactory",
  "summarizeCheckpoint",
]
`;

exports[`src/agent/runtime-kernel public exports snapshot > snapshots the llm namespace 1`] = `
[
  "LLMPolicyEngine",
  "LlmCaller",
  "ModelResolver",
  "defaultPolicyEngine",
]
`;

exports[`src/agent/runtime-kernel public exports snapshot > snapshots the runContext namespace 1`] = `
[
  "createDefaultRunContext",
]
`;

exports[`src/agent/runtime-kernel public exports snapshot > snapshots the runSupervisor namespace 1`] = `
[
  "DefaultRunHandle",
  "DefaultRunSupervisor",
  "MemoryRunRegistryStore",
  "NotImplementedError",
  "RunAlreadyRegisteredError",
  "RunNotFoundError",
  "runMetaFromRecord",
]
`;

exports[`src/agent/runtime-kernel public exports snapshot > snapshots the telemetry namespace 1`] = `
[
  "TELEMETRY_EVENT_KINDS",
  "noopTelemetry",
]
`;

exports[`src/agent/runtime-kernel public exports snapshot > snapshots the tools namespace 1`] = `
[
  "BaseTool",
  "CommonParameterTypes",
  "computeToolIdempotencyKey",
  "ensureToolContextRuntimeCapability",
  "findCachedToolOutputByIdempotencyKey",
  "getToolContextRuntimeBinding",
  "normalizeToolArgs",
  "readToolContextModelId",
  "readToolContextPersistedHistory",
  "readToolContextRunContext",
  "readToolContextUserQuery",
  "readToolContextWorkingHistory",
  "stripRuntimeReservedToolContextPatch",
]
`;
