// Vitest Snapshot v1, https://vitest.dev/guide/snapshot.html

exports[`src/agent/runtime-kernel public exports snapshot > exposes the documented runtime-kernel namespaces 1`] = `
[
  "AnswerNode",
  "BaseTool",
  "CommonParameterTypes",
  "ENGINE_ERROR_CODES",
  "ENGINE_STATE_SCHEMA_VERSION",
  "EventBusSubRunTracePublisher",
  "GraphAgentExecutor",
  "GraphExecutor",
  "LLMPolicyEngine",
  "LlmCaller",
  "LlmNode",
  "MemoryCheckpointer",
  "MemoryEventStore",
  "ModelResolver",
  "ToolNode",
  "UserNode",
  "WaitUserNode",
  "childRuns",
  "computeToolIdempotencyKey",
  "createDefaultGraphExecutor",
  "createGraphLoopHarness",
  "createMonotonicEventIdFactory",
  "defaultPolicyEngine",
  "enrichment",
  "ensureToolContextRuntimeCapability",
  "events",
  "execution",
  "findCachedToolOutputByIdempotencyKey",
  "getToolContextRuntimeBinding",
  "graph",
  "llm",
  "normalizeToolArgs",
  "readToolContextModelId",
  "readToolContextPersistedHistory",
  "readToolContextRunContext",
  "readToolContextUserQuery",
  "readToolContextWorkingHistory",
  "requestEnricherRegistry",
  "runContext",
  "runSupervisor",
  "stripRuntimeReservedToolContextPatch",
  "subrun",
  "summarizeCheckpoint",
  "telemetry",
  "tools",
]
`;

exports[`src/agent/runtime-kernel public exports snapshot > snapshots the childRuns namespace 1`] = `
[
  "InternalAgentInvoker",
  "pickChildRunSeedHistory",
]
`;

exports[`src/agent/runtime-kernel public exports snapshot > snapshots the enrichment namespace 1`] = `
[
  "requestEnricherRegistry",
]
`;

exports[`src/agent/runtime-kernel public exports snapshot > snapshots the events namespace 1`] = `
[
  "describeRuntimeEventLifecycle",
  "eventMapper",
  "getRuntimeEventUiProjectionKind",
  "isCheckpointHistorySummaryEvent",
  "isToolCallDecisionEvent",
  "shouldEmitRuntimeEventToSse",
  "shouldEnterAgentContext",
  "shouldPersistRuntimeEvent",
  "shouldReplayRuntimeEventToUi",
]
`;

exports[`src/agent/runtime-kernel public exports snapshot > snapshots the execution namespace 1`] = `
[
  "EventBus",
  "EventSequencer",
  "createRuntimeErrorEvent",
]
`;

exports[`src/agent/runtime-kernel public exports snapshot > snapshots the graph namespace 1`] = `
[
  "AnswerNode",
  "ENGINE_STATE_SCHEMA_VERSION",
  "GraphAgentExecutor",
  "GraphExecutor",
  "LlmNode",
  "MemoryCheckpointer",
  "MemoryEventStore",
  "ToolNode",
  "UserNode",
  "WaitUserNode",
  "createMonotonicEventIdFactory",
  "summarizeCheckpoint",
]
`;

exports[`src/agent/runtime-kernel public exports snapshot > snapshots the llm namespace 1`] = `
[
  "LLMPolicyEngine",
  "LlmCaller",
  "ModelResolver",
  "defaultPolicyEngine",
]
`;

exports[`src/agent/runtime-kernel public exports snapshot > snapshots the runContext namespace 1`] = `
[
  "createDefaultRunContext",
]
`;

exports[`src/agent/runtime-kernel public exports snapshot > snapshots the runSupervisor namespace 1`] = `
[
  "MemoryRunRegistryStore",
]
`;

exports[`src/agent/runtime-kernel public exports snapshot > snapshots the subrun namespace 1`] = `
[
  "EventBusSubRunTracePublisher",
]
`;

exports[`src/agent/runtime-kernel public exports snapshot > snapshots the telemetry namespace 1`] = `
[
  "TELEMETRY_EVENT_KINDS",
  "noopTelemetry",
]
`;

exports[`src/agent/runtime-kernel public exports snapshot > snapshots the tools namespace 1`] = `
[
  "BaseTool",
  "CommonParameterTypes",
  "computeToolIdempotencyKey",
  "ensureToolContextRuntimeCapability",
  "findCachedToolOutputByIdempotencyKey",
  "getToolContextRuntimeBinding",
  "normalizeToolArgs",
  "readToolContextModelId",
  "readToolContextPersistedHistory",
  "readToolContextRunContext",
  "readToolContextUserQuery",
  "readToolContextWorkingHistory",
  "stripRuntimeReservedToolContextPatch",
]
`;
