// Vitest Snapshot v1, https://vitest.dev/guide/snapshot.html

exports[`src/agent public exports snapshot > exposes the documented root public surface 1`] = `
[
  "contracts",
  "defineAgent",
  "defineConfig",
  "generateAuditEnvelopeEventId",
  "generateAuditEnvelopeId",
  "generateMessageId",
  "generateRunId",
  "ports",
  "resolveConfiguredLlm",
  "runAgent",
  "runtimeKernel",
  "setLlmAuditRecorder",
  "withLLMTelemetryContext",
]
`;
