// Vitest Snapshot v1, https://vitest.dev/guide/snapshot.html

exports[`src/agent/testkit public exports snapshot > exposes the documented testkit surface 1`] = `
[
  "assertions",
  "createGraphLoopHarness",
  "createReplayHarness",
  "createScriptedAiEngineHarness",
  "createToolContextFixture",
]
`;
