// Vitest Snapshot v1, https://vitest.dev/guide/snapshot.html

exports[`src/agent/contracts public exports snapshot > exposes the documented A-class contracts surface 1`] = `
[
  "AgentTodoItem",
  "AgentTodoStatus",
  "AiMessage",
  "AssistantMessage",
  "BaseEvent",
  "HistorySummaryMeta",
  "ImageInfoMeta",
  "PersistentMetadata",
  "RuntimeEvent",
  "Status",
  "SystemMessage",
  "TaskTrackingMeta",
  "ToolCallPhase",
  "ToolCallsMeta",
  "ToolMessage",
  "ToolOutputMeta",
  "UserMessage",
  "createAssistantMessage",
  "createErrorEvent",
  "createFinalAnswerChunkEvent",
  "createFinalAnswerEvent",
  "createHistorySummaryEvent",
  "createHistorySummaryMessage",
  "createStreamEndEvent",
  "createSubRunTraceEvent",
  "createSystemMessage",
  "createThoughtEvent",
  "createTodoUpdatedEvent",
  "createToolCallDecisionEvent",
  "createToolMessage",
  "createToolOutputEvent",
  "createToolProcessEvent",
  "createUserInputEvent",
  "createUserMessage",
  "hasToolCalls",
  "isAssistantMessage",
  "isHistorySummaryMessage",
  "isSystemMessage",
  "isToolMessage",
  "isUserMessage",
  "validateAiMessage",
  "validateHistorySummaryMeta",
  "validateRuntimeEvent",
  "validateRuntimeEvents",
]
`;
