// Vitest Snapshot v1, https://vitest.dev/guide/snapshot.html

exports[`src/agent/contracts public exports snapshot > exposes the documented A-class contracts surface 1`] = `
[
  "AUDIT_ACTIONS",
  "AUDIT_DECISION_OUTCOMES",
  "AgentCapability",
  "AgentSpec",
  "AgentSpecAuditConfig",
  "AgentSpecBudgetPolicy",
  "AgentSpecCheckpointPolicy",
  "AgentSpecContextPolicy",
  "AgentSpecContextTracePolicy",
  "AgentSpecMessageType",
  "AgentSpecMustKeepPolicy",
  "AgentSpecMustKeepTruncationRule",
  "AgentSpecProviderReplayPolicy",
  "AgentSpecReasoningRetentionPolicy",
  "AgentSpecSummarizationPolicy",
  "AgentSpecSystemReminderExtraRule",
  "AgentSpecSystemReminderPolicy",
  "AgentSpecSystemReminderTrigger",
  "AgentSpecTokenEstimationPolicy",
  "AgentSpecToolHistoryPolicy",
  "AgentSpecToolObservationGovernancePolicy",
  "AgentSpecToolOutputPolicy",
  "AgentSpecWorkingMemoryPolicy",
  "AiMessage",
  "AiMessageIdSchema",
  "AnswerSegmentIdSchema",
  "AssistantMessage",
  "AuditActor",
  "AuditCostDelta",
  "AuditDecision",
  "AuditEnvelope",
  "AuditEnvelopeIdSchema",
  "AuditEvidence",
  "AuditScope",
  "BaseEvent",
  "BaseSSEEvent",
  "CanonicalLlmUsage",
  "ContextBuildTokenEstimate",
  "ContextComponentTokenLedgerEntry",
  "ContextLedgerEntryIdSchema",
  "ContextTokenComponent",
  "ContextTokenComponentKind",
  "ControlTargetReferenceIdSchema",
  "ConversationIdSchema",
  "CostBreakdown",
  "DEFAULT_MAX_STEPS",
  "EventEnvelope",
  "ExecutionIdSchema",
  "ExecutionTraceContext",
  "FinalAnswerCompletionReason",
  "HistoryMessageReferenceIdSchema",
  "HistorySummaryMeta",
  "InteractionIdSchema",
  "InternalLlmCallUsage",
  "LlmUsageTokenLedgerEntry",
  "ObservationTruncationMeta",
  "PersistentMetadata",
  "ProviderReasoningDetails",
  "ProviderReasoningDetailsPayload",
  "REASONING_EFFORTS",
  "ResumeTokenSchema",
  "RunExecutionOutcome",
  "RunIdSchema",
  "RunResumeClaimIdSchema",
  "RunTokenUsageAggregate",
  "RuntimeEvent",
  "RuntimeEventIdSchema",
  "RuntimeEventRoutingIdentity",
  "RuntimeEventVisibility",
  "RuntimeResourceRef",
  "RuntimeResourceRefs",
  "RuntimeRunLane",
  "RuntimeRunStatus",
  "SSEErrorEvent",
  "SSEEvent",
  "SSEExecutionScope",
  "SSEFinalAnswerChunkEvent",
  "SSEFinalAnswerEvent",
  "SSEFinalAnswerResetEvent",
  "SSEHistorySummaryEvent",
  "SSEMarkdownChunkEvent",
  "SSERequiresUserInteractionEvent",
  "SSERunExecutionMetricsEvent",
  "SSERunStatusEvent",
  "SSESubRunTraceEvent",
  "SSESummarizationEndEvent",
  "SSESummarizationErrorEvent",
  "SSESummarizationStartEvent",
  "SSEThoughtEvent",
  "SSEToolCallDecisionEvent",
  "SSEToolOutputEvent",
  "SSEToolProcessEvent",
  "SSETransportEndEvent",
  "SSETransportErrorEvent",
  "SYSTEM_REMINDER_BUILTIN_TRIGGER_KINDS",
  "SerializableJsonRecord",
  "SerializableJsonValue",
  "SourceEventIdSchema",
  "Status",
  "SubRunTraceKind",
  "SubRunTracePayload",
  "SubrunIdSchema",
  "SystemMessage",
  "TaskTrackingMeta",
  "ThoughtMessageIdSchema",
  "TokenCostComponent",
  "TokenCountConfidence",
  "TokenCountSource",
  "TokenLedgerAggregate",
  "TokenLedgerEntry",
  "TokenLedgerEntryKind",
  "TokenPricing",
  "TokenRoute",
  "TokenRouteCapabilities",
  "TokenUsageCalibrationSample",
  "TokenUsageCalibrationTrace",
  "TokenUsageTotals",
  "ToolBindingSpec",
  "ToolCallDecisionPayload",
  "ToolCallExtraContent",
  "ToolCallIdSchema",
  "ToolCallPhase",
  "ToolCallWire",
  "ToolCallsMeta",
  "ToolMessage",
  "ToolOutputMeta",
  "TraceIdSchema",
  "TurnIdSchema",
  "UserMessage",
  "assertCanonicalFinalAnswerIdentity",
  "assertDistinctAnswerChunkIdentity",
  "createAssistantMessage",
  "createAuditEnvelopeEvent",
  "createErrorEvent",
  "createFinalAnswerChunkEvent",
  "createFinalAnswerEvent",
  "createFinalAnswerResetEvent",
  "createHistorySummaryEvent",
  "createHistorySummaryMessage",
  "createRequiresUserInteractionEvent",
  "createRunExecutionMetricsEvent",
  "createSSEErrorEvent",
  "createSSEFinalAnswerChunkEvent",
  "createSSEFinalAnswerEvent",
  "createSSEHistorySummaryEvent",
  "createSSEMarkdownChunkEvent",
  "createSSERequiresUserInteractionEvent",
  "createSSERunStatusEvent",
  "createSSESubRunTraceEvent",
  "createSSEThoughtEvent",
  "createSSEToolCallDecisionEvent",
  "createSSEToolOutputEvent",
  "createSSEToolProcessEvent",
  "createSSETransportEndEvent",
  "createSSETransportErrorEvent",
  "createServerSentEventFrameParser",
  "createSubRunTraceEvent",
  "createSystemMessage",
  "createThoughtEvent",
  "createToolCallDecisionEvent",
  "createToolMessage",
  "createToolOutputEvent",
  "createToolProcessEvent",
  "createUserInputEvent",
  "createUserMessage",
  "defineContextPolicy",
  "generateAiMessageId",
  "generateAnswerSegmentId",
  "generateAuditEnvelopeId",
  "generateContextLedgerEntryId",
  "generateConversationId",
  "generateExecutionId",
  "generateInteractionId",
  "generateResumeToken",
  "generateRunId",
  "generateRunResumeClaimId",
  "generateRuntimeEventId",
  "generateSubrunId",
  "generateThoughtMessageId",
  "generateToolCallId",
  "generateTraceId",
  "generateTurnId",
  "hasToolCalls",
  "isAssistantMessage",
  "isHistorySummaryMessage",
  "isRoutedRuntimeEvent",
  "isSystemMessage",
  "isToolMessage",
  "isUserMessage",
  "isValidReasoningEffort",
  "parseRoutedRuntimeEvent",
  "parseRuntimeEventRoutingIdentity",
  "parseRuntimeEvents",
  "parseSSEExecutionScope",
  "resolveEffectiveEffort",
  "routeRuntimeEvent",
  "runIdFromSubrunId",
  "runIdFromTurnId",
  "runtimeEventToSSEEvent",
  "serializeServerSentEventFrame",
  "toSerializableJsonRecord",
  "toSerializableJsonValue",
  "validateAiMessage",
  "validateHistorySummaryMeta",
  "validateRuntimeEvent",
  "validateRuntimeEvents",
  "validateSSEEvent",
  "validateSubRunTracePayloadSemantics",
]
`;
