// Vitest Snapshot v1, https://vitest.dev/guide/snapshot.html

exports[`src/agent/contracts public exports snapshot > exposes the documented A-class contracts surface 1`] = `
[
  "AUDIT_ACTIONS",
  "AUDIT_DECISION_OUTCOMES",
  "AgentCapability",
  "AgentSpec",
  "AgentSpecAuditConfig",
  "AgentSpecBudgetPolicy",
  "AgentSpecCheckpointPolicy",
  "AgentSpecContextPolicy",
  "AgentSpecContextTracePolicy",
  "AgentSpecMessageType",
  "AgentSpecModelHints",
  "AgentSpecMustKeepPolicy",
  "AgentSpecMustKeepTruncationRule",
  "AgentSpecProviderReplayPolicy",
  "AgentSpecReasoningRetentionPolicy",
  "AgentSpecSummarizationPolicy",
  "AgentSpecSystemReminderExtraRule",
  "AgentSpecSystemReminderPolicy",
  "AgentSpecSystemReminderTrigger",
  "AgentSpecTokenEstimationPolicy",
  "AgentSpecToolHistoryPolicy",
  "AgentSpecToolObservationGovernancePolicy",
  "AgentSpecToolOutputPolicy",
  "AgentSpecWorkingMemoryPolicy",
  "AgentTodoItem",
  "AgentTodoStatus",
  "AiMessage",
  "AssistantMessage",
  "AuditActor",
  "AuditCostDelta",
  "AuditDecision",
  "AuditEnvelope",
  "AuditEvidence",
  "AuditScope",
  "BaseEvent",
  "BaseSSEEvent",
  "CanonicalLlmUsage",
  "ContextBuildTokenEstimate",
  "ContextComponentTokenLedgerEntry",
  "ContextTokenComponent",
  "ContextTokenComponentKind",
  "CostBreakdown",
  "DEFAULT_MAX_STEPS",
  "EventEnvelope",
  "ExecutionTraceContext",
  "HistorySummaryMeta",
  "ImageInfoMeta",
  "LlmUsageTokenLedgerEntry",
  "ObservationTruncationMeta",
  "PersistentMetadata",
  "ProviderReasoningDetails",
  "ProviderReasoningDetailsPayload",
  "RunTokenUsageAggregate",
  "RuntimeEvent",
  "SSEErrorEvent",
  "SSEEvent",
  "SSEFinalAnswerChunkEvent",
  "SSEFinalAnswerEvent",
  "SSEHistorySummaryEvent",
  "SSEMarkdownChunkEvent",
  "SSERequiresUserInteractionEvent",
  "SSEStreamEndEvent",
  "SSESubRunTraceEvent",
  "SSESummarizationEndEvent",
  "SSESummarizationErrorEvent",
  "SSESummarizationStartEvent",
  "SSEThoughtEvent",
  "SSETodoUpdatedEvent",
  "SSEToolCallDecisionEvent",
  "SSEToolOutputEvent",
  "SSEToolProcessEvent",
  "SYSTEM_REMINDER_BUILTIN_TRIGGER_KINDS",
  "Status",
  "SystemMessage",
  "TaskTrackingMeta",
  "TokenCostComponent",
  "TokenCountConfidence",
  "TokenCountSource",
  "TokenLedgerAggregate",
  "TokenLedgerEntry",
  "TokenLedgerEntryKind",
  "TokenPricing",
  "TokenRoute",
  "TokenRouteCapabilities",
  "TokenUsageCalibrationSample",
  "TokenUsageCalibrationTrace",
  "TokenUsageTotals",
  "ToolBindingSpec",
  "ToolCallDecisionPayload",
  "ToolCallExtraContent",
  "ToolCallPhase",
  "ToolCallWire",
  "ToolCallsMeta",
  "ToolMessage",
  "ToolOutputMeta",
  "UserMessage",
  "createAssistantMessage",
  "createAuditEnvelopeEvent",
  "createErrorEvent",
  "createFinalAnswerChunkEvent",
  "createFinalAnswerEvent",
  "createHistorySummaryEvent",
  "createHistorySummaryMessage",
  "createSSEErrorEvent",
  "createSSEFinalAnswerChunkEvent",
  "createSSEFinalAnswerEvent",
  "createSSEHistorySummaryEvent",
  "createSSEMarkdownChunkEvent",
  "createSSERequiresUserInteractionEvent",
  "createSSEStreamEndEvent",
  "createSSESubRunTraceEvent",
  "createSSEThoughtEvent",
  "createSSETodoUpdatedEvent",
  "createSSEToolCallDecisionEvent",
  "createSSEToolOutputEvent",
  "createSSEToolProcessEvent",
  "createStreamEndEvent",
  "createSubRunTraceEvent",
  "createSystemMessage",
  "createThoughtEvent",
  "createTodoUpdatedEvent",
  "createToolCallDecisionEvent",
  "createToolMessage",
  "createToolOutputEvent",
  "createToolProcessEvent",
  "createUserInputEvent",
  "createUserMessage",
  "defineContextPolicy",
  "hasToolCalls",
  "isAssistantMessage",
  "isHistorySummaryMessage",
  "isSystemMessage",
  "isToolMessage",
  "isUserMessage",
  "validateAiMessage",
  "validateHistorySummaryMeta",
  "validateRuntimeEvent",
  "validateRuntimeEvents",
  "validateSSEEvent",
]
`;
